// Jest Snapshot v1, https://goo.gl/fbAQLP

exports[`internal (pwnedpassword): fetchFromApi invalid range throws a "Bad Request" error 1`] = `[Error: The hash prefix was not in a valid format]`;

exports[`internal (pwnedpassword): fetchFromApi unexpected HTTP error throws an error with the response status text 1`] = `[Error: Unknown - something unexpected happened.]`;
